ASSEMBLY Microsoft.VisualStudio.TestPlatform.TestFramework.dll [!LOADED]
