ASSEMBLY TestExe.dll [LOADED, !ROOT, !SYSTEM]
  <Module> [TYPE, DEAD, HIDE, !REFLECTION_TARGET, !ROOT]
    DIRECTLY REFERENCES
      System.Runtime.CompilerServices.RefSafetyRulesAttribute
      System.Int32
      System.Runtime.CompilerServices.CompilationRelaxationsAttribute
      System.Runtime.CompilerServices.RuntimeCompatibilityAttribute
      System.Boolean
      System.Diagnostics.DebuggableAttribute
      System.Diagnostics.DebuggableAttribute+DebuggingModes
      System.Runtime.Versioning.TargetFrameworkAttribute
      System.String
      System.Reflection.AssemblyCompanyAttribute
      System.Reflection.AssemblyConfigurationAttribute
      System.Reflection.AssemblyFileVersionAttribute
      System.Reflection.AssemblyInformationalVersionAttribute
      System.Reflection.AssemblyProductAttribute
      System.Reflection.AssemblyTitleAttribute
      System.Reflection.AssemblyVersionAttribute
  TestExe.Program [TYPE, ALIVE, !HIDE, !REFLECTION_TARGET, !ROOT]
    DIRECTLY REFERENCED BY
      TestExe.Program.Main()
      TestExe.Program+<>c
      TestExe.Program+<>c..cctor()
      TestExe.Program+<>c..ctor()
      TestExe.Program+<>c.<Main>b__0_0()
      TestExe.Program+<>c.<Main>b__0_1(System.Object, System.EventArgs)
      TestExe.Program+<>c.<>9
      TestExe.Program+<>c.<>9__0_0
      TestExe.Program+<>c.<>9__0_1
  TestExe.Program+<>c [TYPE, ALIVE, HIDE, !REFLECTION_TARGET, !ROOT]
    DIRECTLY REFERENCES
      TestExe.Program
      System.SerializableAttribute
      System.Runtime.CompilerServices.CompilerGeneratedAttribute
    DIRECTLY REFERENCED BY
      TestExe.Program.Main()
      TestExe.Program+<>c..cctor()
      TestExe.Program+<>c..ctor()
      TestExe.Program+<>c.<Main>b__0_0()
      TestExe.Program+<>c.<Main>b__0_1(System.Object, System.EventArgs)
      TestExe.Program+<>c.<>9
      TestExe.Program+<>c.<>9__0_0
      TestExe.Program+<>c.<>9__0_1
  TestExe.Program+<>c..cctor() [METHOD, ALIVE, HIDE, !REFLECTION_TARGET, !ROOT]
    DIRECTLY REFERENCES
      TestExe.Program+<>c
      TestExe.Program
      TestExe.Program+<>c..ctor()
      TestExe.Program+<>c.<>9
    DIRECTLY REFERENCED BY
      TestExe.Program+<>c..ctor()
      TestExe.Program+<>c.<Main>b__0_0()
      TestExe.Program+<>c.<Main>b__0_1(System.Object, System.EventArgs)
      TestExe.Program+<>c.<>9
      TestExe.Program+<>c.<>9__0_0
      TestExe.Program+<>c.<>9__0_1
  TestExe.Program+<>c..ctor() [METHOD, ALIVE, HIDE, !REFLECTION_TARGET, !ROOT]
    DIRECTLY REFERENCES
      TestExe.Program+<>c
      TestExe.Program
      System.Object..ctor()
      TestExe.Program+<>c..cctor()
    DIRECTLY REFERENCED BY
      TestExe.Program+<>c..cctor()
  TestExe.Program+<>c.<>9 [FIELD, ALIVE, HIDE, !REFLECTION_TARGET, !ROOT]
    DIRECTLY REFERENCES
      TestExe.Program+<>c
      TestExe.Program
      TestExe.Program+<>c..cctor()
    DIRECTLY REFERENCED BY
      TestExe.Program.Main()
      TestExe.Program+<>c..cctor()
  TestExe.Program+<>c.<>9__0_0 [FIELD, ALIVE, HIDE, !REFLECTION_TARGET, !ROOT]
    DIRECTLY REFERENCES
      TestExe.Program+<>c
      TestExe.Program
      TestLibrary.AliveDelegate
      TestExe.Program+<>c..cctor()
    DIRECTLY REFERENCED BY
      TestExe.Program.Main()
  TestExe.Program+<>c.<>9__0_1 [FIELD, ALIVE, HIDE, !REFLECTION_TARGET, !ROOT]
    DIRECTLY REFERENCES
      TestExe.Program+<>c
      TestExe.Program
      System.EventHandler
      TestExe.Program+<>c..cctor()
    DIRECTLY REFERENCED BY
      TestExe.Program.Main()
  TestExe.Program+<>c.<Main>b__0_0() [METHOD, ALIVE, HIDE, !REFLECTION_TARGET, !ROOT]
    DIRECTLY REFERENCES
      TestExe.Program+<>c
      TestExe.Program
      TestExe.Program+<>c..cctor()
    DIRECTLY REFERENCED BY
      TestExe.Program.Main()
  TestExe.Program+<>c.<Main>b__0_1(System.Object, System.EventArgs) [METHOD, ALIVE, HIDE, !REFLECTION_TARGET, !ROOT]
    DIRECTLY REFERENCES
      TestExe.Program+<>c
      TestExe.Program
      System.EventArgs
      TestExe.Program+<>c..cctor()
    DIRECTLY REFERENCED BY
      TestExe.Program.Main()
  TestExe.Program.Main() [METHOD, ALIVE, !HIDE, !REFLECTION_TARGET, ROOT]
    DIRECTLY REFERENCES
      TestExe.Program
      TestLibrary.AliveClassButDeadMembers
      System.Type.GetTypeFromHandle(System.RuntimeTypeHandle)
      System.Type
      System.Console.WriteLine(System.Object)
      System.Console
      TestLibrary.AliveClass..ctor()
      TestLibrary.AliveClass
      TestLibrary.AliveStruct
      TestExe.Program+<>c.<>9__0_0
      TestExe.Program+<>c
      TestExe.Program+<>c.<>9
      TestExe.Program+<>c.<Main>b__0_0()
      TestLibrary.AliveDelegate..ctor(System.Object, nint)
      TestLibrary.AliveDelegate
      TestLibrary.AliveRecordClass..ctor(System.Int32, System.String)
      TestLibrary.AliveRecordClass
      TestLibrary.AliveClassAndAliveMembers..ctor()
      TestLibrary.AliveClassAndAliveMembers
      TestLibrary.AliveClassAndAliveMembers.AliveMethod()
      TestLibrary.AliveClassAndAliveMembers.set_AliveSimpleProperty(System.Int32)
      TestLibrary.AliveClassAndAliveMembers.set_AliveComplexProperty(System.Int32)
      TestLibrary.AliveClassAndAliveMembers.AliveField
      TestExe.Program+<>c.<>9__0_1
      TestExe.Program+<>c.<Main>b__0_1(System.Object, System.EventArgs)
      System.EventHandler..ctor(System.Object, nint)
      System.EventHandler
      TestLibrary.AliveClassAndAliveMembers.add_AliveEvent(System.EventHandler)
      TestLibrary.AliveClassAndAliveMembers.set_Item(System.Int32, System.Int32)
      System.Object.ToString()
      System.Console.WriteLine(System.String)
      TestLibrary.AliveInterface.Func()
      TestLibrary.AliveInterface
      System.Console.WriteLine(System.Int32)
      TestLibrary.AliveClassAndAliveMembers+AliveNestedType..ctor()
      TestLibrary.AliveClassAndAliveMembers+AliveNestedType
      TestLibrary.MyThrownException..ctor()
      TestLibrary.MyThrownException
      TestLibrary.AliveEnum
      TestLibrary.MyCaughtException
