{
  "Assemblies": [
    {
      "Assembly": "TestLibrary",
      "DeadTypes": [
        "TestLibrary.AliveClassButDeadMembers\u002BDeadNestedType",
        "TestLibrary.DeadClass",
        "TestLibrary.DeadDelegate",
        "TestLibrary.DeadEnum",
        "TestLibrary.DeadStruct"
      ],
      "DeadMembers": [
        "TestLibrary.AliveClassAndAliveMembers.AliveConst",
        "TestLibrary.AliveClassAndAliveMembers.get_AliveComplexProperty()",
        "TestLibrary.AliveClassAndAliveMembers.get_AliveSimpleProperty()",
        "TestLibrary.AliveClassAndAliveMembers.get_Item(System.Int32)",
        "TestLibrary.AliveClassAndAliveMembers.remove_AliveEvent(System.EventHandler)",
        "TestLibrary.AliveClassButDeadMembers._value",
        "TestLibrary.AliveClassButDeadMembers..ctor()",
        "TestLibrary.AliveClassButDeadMembers.add_DeadEvent(System.EventHandler)",
        "TestLibrary.AliveClassButDeadMembers.DeadComplexProperty",
        "TestLibrary.AliveClassButDeadMembers.DeadConst",
        "TestLibrary.AliveClassButDeadMembers.DeadEvent",
        "TestLibrary.AliveClassButDeadMembers.DeadField",
        "TestLibrary.AliveClassButDeadMembers.DeadMethod()",
        "TestLibrary.AliveClassButDeadMembers.DeadSimpleProperty",
        "TestLibrary.AliveClassButDeadMembers.get_DeadComplexProperty()",
        "TestLibrary.AliveClassButDeadMembers.get_DeadSimpleProperty()",
        "TestLibrary.AliveClassButDeadMembers.get_Item(System.Int32)",
        "TestLibrary.AliveClassButDeadMembers.Item",
        "TestLibrary.AliveClassButDeadMembers.remove_DeadEvent(System.EventHandler)",
        "TestLibrary.AliveClassButDeadMembers.set_DeadComplexProperty(System.Int32)",
        "TestLibrary.AliveClassButDeadMembers.set_DeadSimpleProperty(System.Int32)",
        "TestLibrary.AliveClassButDeadMembers.set_Item(System.Int32, System.Int32)",
        "TestLibrary.AliveDelegate.Invoke()",
        "TestLibrary.AliveEnum..ctor()",
        "TestLibrary.AliveEnum.Blue",
        "TestLibrary.AliveEnum.Green",
        "TestLibrary.AliveEnum.Red",
        "TestLibrary.AliveEnum.value__",
        "TestLibrary.AliveStruct..ctor()",
        "TestLibrary.GenericTypeArgument..ctor()",
        "TestLibrary.MyException..ctor()"
      ]
    }
  ]
}